Info    2026-06-10 18:13:38:173  DevID:MV-CB013-A0UC-S(DA9878398)  Source-Line:libMvUsb3vTL.so(Manager.cpp-L0157)  ProcessName:ManualGripper(412372)     Description:[Init]Current dynamic library path[/opt/MVS/lib/64/libMvUsb3vTL.so]
Info    2026-06-10 18:13:38:173  DevID:MV-CB013-A0UC-S(DA9878398)  Source-Line:libMvUsb3vTL.so(Manager.cpp-L0159)  ProcessName:ManualGripper(412372)     Description:[Init]U3V_Version: 4.7.0.3, U3V_Description: BaseLine Build 20251110
Info    2026-06-10 18:13:38:175  DevID:MV-CB013-A0UC-S(DA9878398)  Source-Line:libMvUsb3vTL.so(Manager.cpp-L0804)  ProcessName:ManualGripper(412372)     Description:[ConnectDevice][UpdateUsbDeviceType] Dev SerialNum:[DA9878398], Type[0] (0-Stand; 1-MasterWithSlaver; 2-justMaster)
Info    2026-06-10 18:13:38:175  DevID:MV-CB013-A0UC-S(DA9878398)  Source-Line:libMvUsb3vTL.so(DriverLayer.cpp-L1035)  ProcessName:ManualGripper(412372)     Description:[OpenDevice]device speed: [0x4]
Info    2026-06-10 18:13:39:469  DevID:MV-CB013-A0UC-S(DA9878398)  Source-Line:libMvUsb3vTL.so(DeviceControl.cpp-L0035)  ProcessName:ManualGripper(412372)     Description:[HeartBeat]U3V HeartBeat Start, ThreadId[4068030016], CameraType[0]
Info    2026-06-10 18:13:39:470  DevID:MV-CB013-A0UC-S(DA9878398)  Source-Line:libMvUsb3vTL.so(DriverLayer.cpp-L1484)  ProcessName:ManualGripper(412372)     Description:[RegisterHotPlugCallback]Register hotplug success
Info    2026-06-10 18:13:39:558  DevID:MV-CB013-A0UC-S(DA9878398)  Source-Line:libMvUsb3vTL.so(DeviceControl.cpp-L1491)  ProcessName:ManualGripper(412372)     Description:[SetTransferSize]Set TransferSize:[1048576] success.
Info    2026-06-10 18:13:39:559  DevID:MV-CB013-A0UC-S(DA9878398)  Source-Line:libMvUsb3vTL.so(StreamProcess.cpp-L3412)  ProcessName:ManualGripper(412372)     Description:[SetStreamPayloadTimeout]Set StreamPayload Timeout [50]ms
Info    2026-06-10 18:13:39:559  DevID:MV-CB013-A0UC-S(DA9878398)  Source-Line:libMvUsb3vTL.so(DeviceControl.cpp-L2196)  ProcessName:ManualGripper(412372)     Description:[SetSIControlRegTimeout]Set SIControlReg Timeout:[30]  success.
Info    2026-06-10 18:13:39:616  DevID:MV-CB013-A0UC-S(DA9878398)  Source-Line:libMvUsb3vTL.so(StreamExProcess.cpp-L1022)  ProcessName:ManualGripper(412372)     Description:[SetImageNodeNum]Set image node [10]
Info    2026-06-10 18:13:39:616  DevID:MV-CB013-A0UC-S(DA9878398)  Source-Line:libMvUsb3vTL.so(StreamProcess.cpp-L1606)  ProcessName:ManualGripper(412372)     Description:[SetImageNodeNum]Image node number changed from [1] to [10]
Info    2026-06-10 18:13:39:646  DevID:MV-CB013-A0UC-S(DA9878398)  Source-Line:libMvUsb3vTL.so(Manager.cpp-L1178)  ProcessName:ManualGripper(412372)     Description:[StartAcquisition] Have no ExStreamPort
Info    2026-06-10 18:13:39:647  DevID:MV-CB013-A0UC-S(DA9878398)  Source-Line:libMvUsb3vTL.so(StreamProcess.cpp-L1451)  ProcessName:ManualGripper(412372)     Description:[RecvThread]U3V StreamRecvThread Start, ThreadId[4042421824]  USBType[0]
Info    2026-06-10 18:13:39:656  DevID:MV-CB013-A0UC-S(DA9878398)  Source-Line:libMvUsb3vTL.so(StreamProcess.cpp-L2098)  ProcessName:ManualGripper(412372)     Description:[RecvThreadProcess][RecvThreadProcess] UsbType[0] m_nStreamAsyncParamNum [8] begin running
Info    2026-06-10 18:13:39:822  DevID:MV-CB013-A0UC-S(DA9878406)  Source-Line:libMvUsb3vTL.so(Manager.cpp-L0157)  ProcessName:ManualGripper(412372)     Description:[Init]Current dynamic library path[/opt/MVS/lib/64/libMvUsb3vTL.so]
Info    2026-06-10 18:13:39:822  DevID:MV-CB013-A0UC-S(DA9878406)  Source-Line:libMvUsb3vTL.so(Manager.cpp-L0159)  ProcessName:ManualGripper(412372)     Description:[Init]U3V_Version: 4.7.0.3, U3V_Description: BaseLine Build 20251110
Info    2026-06-10 18:13:39:822  DevID:MV-CB013-A0UC-S(DA9878406)  Source-Line:libMvUsb3vTL.so(Manager.cpp-L0804)  ProcessName:ManualGripper(412372)     Description:[ConnectDevice][UpdateUsbDeviceType] Dev SerialNum:[DA9878406], Type[0] (0-Stand; 1-MasterWithSlaver; 2-justMaster)
Info    2026-06-10 18:13:39:822  DevID:MV-CB013-A0UC-S(DA9878406)  Source-Line:libMvUsb3vTL.so(DriverLayer.cpp-L1035)  ProcessName:ManualGripper(412372)     Description:[OpenDevice]device speed: [0x4]
Info    2026-06-10 18:13:41:043  DevID:MV-CB013-A0UC-S(DA9878406)  Source-Line:libMvUsb3vTL.so(DeviceControl.cpp-L0035)  ProcessName:ManualGripper(412372)     Description:[HeartBeat]U3V HeartBeat Start, ThreadId[3665376832], CameraType[0]
Info    2026-06-10 18:13:41:122  DevID:MV-CB013-A0UC-S(DA9878406)  Source-Line:libMvUsb3vTL.so(DeviceControl.cpp-L1491)  ProcessName:ManualGripper(412372)     Description:[SetTransferSize]Set TransferSize:[1048576] success.
Info    2026-06-10 18:13:41:122  DevID:MV-CB013-A0UC-S(DA9878406)  Source-Line:libMvUsb3vTL.so(StreamProcess.cpp-L3412)  ProcessName:ManualGripper(412372)     Description:[SetStreamPayloadTimeout]Set StreamPayload Timeout [50]ms
Info    2026-06-10 18:13:41:122  DevID:MV-CB013-A0UC-S(DA9878406)  Source-Line:libMvUsb3vTL.so(DeviceControl.cpp-L2196)  ProcessName:ManualGripper(412372)     Description:[SetSIControlRegTimeout]Set SIControlReg Timeout:[30]  success.
Info    2026-06-10 18:13:41:172  DevID:MV-CB013-A0UC-S(DA9878406)  Source-Line:libMvUsb3vTL.so(StreamExProcess.cpp-L1022)  ProcessName:ManualGripper(412372)     Description:[SetImageNodeNum]Set image node [10]
Info    2026-06-10 18:13:41:172  DevID:MV-CB013-A0UC-S(DA9878406)  Source-Line:libMvUsb3vTL.so(StreamProcess.cpp-L1606)  ProcessName:ManualGripper(412372)     Description:[SetImageNodeNum]Image node number changed from [1] to [10]
Info    2026-06-10 18:13:41:226  DevID:MV-CB013-A0UC-S(DA9878406)  Source-Line:libMvUsb3vTL.so(Manager.cpp-L1178)  ProcessName:ManualGripper(412372)     Description:[StartAcquisition] Have no ExStreamPort
Info    2026-06-10 18:13:41:226  DevID:MV-CB013-A0UC-S(DA9878406)  Source-Line:libMvUsb3vTL.so(StreamProcess.cpp-L1451)  ProcessName:ManualGripper(412372)     Description:[RecvThread]U3V StreamRecvThread Start, ThreadId[3771979328]  USBType[0]
Info    2026-06-10 18:13:41:238  DevID:MV-CB013-A0UC-S(DA9878406)  Source-Line:libMvUsb3vTL.so(StreamProcess.cpp-L2098)  ProcessName:ManualGripper(412372)     Description:[RecvThreadProcess][RecvThreadProcess] UsbType[0] m_nStreamAsyncParamNum [8] begin running
Info    2026-06-10 18:13:48:993  DevID:MV-CB013-A0UC-S(DA9878398)  Source-Line:libMvUsb3vTL.so(StreamProcess.cpp-L2106)  ProcessName:ManualGripper(412372)     Description:[RecvThreadProcess]RecvThread process exit,UsbType[0]
Info    2026-06-10 18:13:48:993  DevID:MV-CB013-A0UC-S(DA9878398)  Source-Line:libMvUsb3vTL.so(StreamProcess.cpp-L1470)  ProcessName:ManualGripper(412372)     Description:[RecvThread]U3V StreamRecvThread End, ThreadId[4042421824] USBType[0]
Info    2026-06-10 18:13:48:995  DevID:MV-CB013-A0UC-S(DA9878398)  Source-Line:libMvUsb3vTL.so(StreamProcess.cpp-L1484)  ProcessName:ManualGripper(412372)     Description:[Stop]UsbType[0] Stop begin
Info    2026-06-10 18:13:49:003  DevID:MV-CB013-A0UC-S(DA9878398)  Source-Line:libMvUsb3vTL.so(StreamProcess.cpp-L1569)  ProcessName:ManualGripper(412372)     Description:[Stop]UsbType[0] Stop Acquiration process end, GetFrameCount[254], GetFrameCountSucceed[254], ReceivedFrameCount[254], AbnormalFrameCount[0]
Info    2026-06-10 18:13:49:006  DevID:MV-CB013-A0UC-S(DA9878398)  Source-Line:libMvUsb3vTL.so(DeviceControl.cpp-L0037)  ProcessName:ManualGripper(412372)     Description:[HeartBeat]U3V HeartBeat End, ThreadId[4068030016], CameraType[0]
Info    2026-06-10 18:13:49:019  DevID:MV-CB013-A0UC-S(DA9878406)  Source-Line:libMvUsb3vTL.so(StreamProcess.cpp-L1484)  ProcessName:ManualGripper(412372)     Description:[Stop]UsbType[0] Stop begin
Info    2026-06-10 18:13:49:025  DevID:MV-CB013-A0UC-S(DA9878406)  Source-Line:libMvUsb3vTL.so(StreamProcess.cpp-L2106)  ProcessName:ManualGripper(412372)     Description:[RecvThreadProcess]RecvThread process exit,UsbType[0]
Info    2026-06-10 18:13:49:025  DevID:MV-CB013-A0UC-S(DA9878406)  Source-Line:libMvUsb3vTL.so(StreamProcess.cpp-L1470)  ProcessName:ManualGripper(412372)     Description:[RecvThread]U3V StreamRecvThread End, ThreadId[3771979328] USBType[0]
Info    2026-06-10 18:13:49:029  DevID:MV-CB013-A0UC-S(DA9878406)  Source-Line:libMvUsb3vTL.so(StreamProcess.cpp-L1569)  ProcessName:ManualGripper(412372)     Description:[Stop]UsbType[0] Stop Acquiration process end, GetFrameCount[233], GetFrameCountSucceed[233], ReceivedFrameCount[233], AbnormalFrameCount[0]
Info    2026-06-10 18:13:49:032  DevID:MV-CB013-A0UC-S(DA9878406)  Source-Line:libMvUsb3vTL.so(DriverLayer.cpp-L1523)  ProcessName:ManualGripper(412372)     Description:[DeregisterHotPlugCallback]Deregister hotplug success
Info    2026-06-10 18:13:49:032  DevID:MV-CB013-A0UC-S(DA9878406)  Source-Line:libMvUsb3vTL.so(DeviceControl.cpp-L0037)  ProcessName:ManualGripper(412372)     Description:[HeartBeat]U3V HeartBeat End, ThreadId[3665376832], CameraType[0]
